    Finished `test` profile [unoptimized + debuginfo] target(s) in 0.19s
     Running unittests src/lib.rs (target/debug/deps/cassandra_diff_tests-dc9a8f77995a1772)

running 16 tests
test comparators::type_system::golden_bigint_max ... ok
test comparators::type_system::golden_boolean_false ... ok
test comparators::type_system::golden_duration_one_day ... ok
test comparators::type_system::golden_duration_zero ... ok
test comparators::type_system::golden_int_42 ... ok
test comparators::type_system::golden_list_one_int ... ok
test comparators::type_system::golden_list_empty ... ok
test comparators::type_system::golden_boolean_true ... ok
test golden::tests::golden_dir_resolves ... ok
test comparators::type_system::golden_tinyint_neg ... ok
test golden::tests::load_nonexistent_returns_error ... ok
test tests::golden_dir_exists ... ok
test golden::tests::load_type_serialization_reference ... ok
test golden::tests::list_stubs_fixtures ... ok
test fuzz::tests::golden_type_serialization_matches ... ok
test golden::tests::load_error_codes_json ... ok

test result: ok. 16 passed; 0 failed; 0 ignored; 0 measured; 175 filtered out; finished in 0.00s

     Running tests/backup_restore_tests.rs (target/debug/deps/backup_restore_tests-349b8e5cd6267975)

running 0 tests

test result: ok. 0 passed; 0 failed; 0 ignored; 0 measured; 4 filtered out; finished in 0.00s

     Running tests/chaos_tests.rs (target/debug/deps/chaos_tests-f445b5d19673e24b)

running 0 tests

test result: ok. 0 passed; 0 failed; 0 ignored; 0 measured; 10 filtered out; finished in 0.00s

     Running tests/fuzz_tests.rs (target/debug/deps/fuzz_tests-da9393e3c20315ea)

running 0 tests

test result: ok. 0 passed; 0 failed; 0 ignored; 0 measured; 12 filtered out; finished in 0.00s

     Running tests/perf_budget_tests.rs (target/debug/deps/perf_budget_tests-f560ab5d1e1fbd9d)

running 0 tests

test result: ok. 0 passed; 0 failed; 0 ignored; 0 measured; 6 filtered out; finished in 0.00s

     Running tests/protocol_golden_tests.rs (target/debug/deps/protocol_golden_tests-0961aa49825cf4a0)

running 10 tests
test golden_error_frame_structure ... ok
test golden_ready_frame_matches ... ok
test golden_schema_change_structure ... ok
test golden_rows_result_structure ... ok
test golden_prepared_metadata_fixtures_load ... ok
test golden_supported_frame_contains_protocol_versions ... ok
test golden_void_result_structure ... ok
test golden_set_keyspace_result_structure ... ok
test golden_frame_header_roundtrip ... ok
test golden_protocol_fixtures_load ... ok

test result: ok. 10 passed; 0 failed; 0 ignored; 0 measured; 0 filtered out; finished in 0.00s

     Running tests/read_error_golden_tests.rs (target/debug/deps/read_error_golden_tests-2f9f3283437bf648)

running 4 tests
test golden_read_unavailable ... ok
test golden_read_failure ... ok
test golden_read_timeout ... ok
test golden_tombstone_overwhelming ... ok

test result: ok. 4 passed; 0 failed; 0 ignored; 0 measured; 0 filtered out; finished in 0.00s

     Running tests/read_path_tests.rs (target/debug/deps/read_path_tests-eb0e4c778426bb73)

running 0 tests

test result: ok. 0 passed; 0 failed; 0 ignored; 0 measured; 24 filtered out; finished in 0.00s

     Running tests/security_audit.rs (target/debug/deps/security_audit-a736751f6b801b77)

running 0 tests

test result: ok. 0 passed; 0 failed; 0 ignored; 0 measured; 6 filtered out; finished in 0.00s

     Running tests/soak_tests.rs (target/debug/deps/soak_tests-89c8aefd139f02b6)

running 0 tests

test result: ok. 0 passed; 0 failed; 0 ignored; 0 measured; 6 filtered out; finished in 0.00s

     Running tests/tooling_tests.rs (target/debug/deps/tooling_tests-c99f5588c836808c)

running 0 tests

test result: ok. 0 passed; 0 failed; 0 ignored; 0 measured; 4 filtered out; finished in 0.00s

     Running tests/type_serialization_golden.rs (target/debug/deps/type_serialization_golden-26038e93f1f7fe49)

running 40 tests
test golden_bigint_0 ... ok
test golden_ascii ... ok
test golden_bigint_neg1 ... ok
test golden_blob ... ok
test golden_bigint_max ... ok
test golden_boolean_true ... ok
test golden_counter ... ok
test golden_date ... ok
test golden_decimal_pi_scale2 ... ok
test golden_boolean_false ... ok
test golden_double_pi ... ok
test golden_empty ... ok
test golden_float_1 ... ok
test golden_inet_v6_loopback ... ok
test golden_int_0 ... ok
test golden_int_42 ... ok
test golden_int_max ... ok
test golden_int_min ... ok
test golden_list_int ... ok
test golden_map_text_int ... ok
test golden_set_text_empty ... ok
test golden_smallint_neg32768 ... ok
test golden_smallint_0 ... ok
test golden_time ... ok
test golden_int_neg1 ... ok
test golden_tinyint_neg128 ... ok
test golden_timeuuid ... ok
test golden_tuple_int_text ... ok
test golden_timestamp ... ok
test golden_uuid ... ok
test golden_inet_v4 ... ok
test golden_tuple_with_null ... ok
test golden_tinyint_127 ... ok
test golden_float_0 ... ok
test golden_varchar_empty ... ok
test golden_varint_neg1 ... ok
test golden_udt ... ok
test golden_varint_zero ... ok
test golden_varint_128 ... ok
test golden_varchar ... ok

test result: ok. 40 passed; 0 failed; 0 ignored; 0 measured; 3 filtered out; finished in 0.00s

     Running tests/write_error_golden_tests.rs (target/debug/deps/write_error_golden_tests-b3efcfa22f880b9c)

running 5 tests
test golden_is_bootstrapping ... ok
test golden_write_timeout ... ok
test golden_overloaded ... ok
test golden_unavailable ... ok
test golden_write_failure ... ok

test result: ok. 5 passed; 0 failed; 0 ignored; 0 measured; 0 filtered out; finished in 0.00s

     Running tests/write_path_tests.rs (target/debug/deps/write_path_tests-67cd723caf1de4f0)

running 0 tests

test result: ok. 0 passed; 0 failed; 0 ignored; 0 measured; 6 filtered out; finished in 0.00s

